// Jest Snapshot v1, https://goo.gl/fbAQLP

exports[`should render all the components 1`] = `
<figure
  class="container"
>
  <figcaption>
    <div
      class="visually-hidden"
    >
      Terminal code styled in the active color themes
    </div>
  </figcaption>
  <div
    class="background"
  >
    <div>
      <span
        style="font-weight: 700;"
      >
         
        PASS
         
      </span>
       
      <span
        style="opacity: 0.5;"
      >
        components/ToggleLightness/
      </span>
      <span
        style="font-weight: 700;"
      >
        ToggleLightness.test.tsx
      </span>
    </div>
    <div>
      <span
        style="font-weight: 700;"
      >
         
        FAIL
         
      </span>
       
      <span
        style="opacity: 0.5;"
      >
        components/NextPrevButton/
      </span>
      <span
        style="font-weight: 700;"
      >
        NextPrevButton.test.tsx
      </span>
    </div>
    <div>
      <span
        style="font-weight: 700;"
      >
        Test Suites: 
      </span>
      <span
        style="font-weight: 700;"
      >
        1 failed
      </span>
      , 
      <span
        style="font-weight: 700;"
      >
        9 passed
      </span>
      , 10 total
    </div>
    <div>
      <span
        style="font-weight: 700;"
      >
        Time: 
         
         
         
         
         
         
      </span>
       
      <span
        style="font-weight: 700;"
      >
        2.897
      </span>
    </div>
    <div>
      <span
        style="opacity: 0.5;"
      >
        Ran all test suites.
      </span>
    </div>
  </div>
</figure>
`;
